[2026-05-24T21:02:17.961+0000] {taskinstance.py:1956} INFO - Dependencies all met for dep_context=non-requeueable deps ti=<TaskInstance: orquestador_sunafil_bronze.ejecutar_selenium_sunafil manual__2026-05-24T21:02:14.924414+00:00 [queued]>
[2026-05-24T21:02:17.979+0000] {taskinstance.py:1956} INFO - Dependencies all met for dep_context=requeueable deps ti=<TaskInstance: orquestador_sunafil_bronze.ejecutar_selenium_sunafil manual__2026-05-24T21:02:14.924414+00:00 [queued]>
[2026-05-24T21:02:17.980+0000] {taskinstance.py:2170} INFO - Starting attempt 1 of 2
[2026-05-24T21:02:18.010+0000] {taskinstance.py:2191} INFO - Executing <Task(BashOperator): ejecutar_selenium_sunafil> on 2026-05-24 21:02:14.924414+00:00
[2026-05-24T21:02:18.015+0000] {standard_task_runner.py:60} INFO - Started process 235 to run task
[2026-05-24T21:02:18.019+0000] {standard_task_runner.py:87} INFO - Running: ['***', 'tasks', 'run', 'orquestador_sunafil_bronze', 'ejecutar_selenium_sunafil', 'manual__2026-05-24T21:02:14.924414+00:00', '--job-id', '10', '--raw', '--subdir', 'DAGS_FOLDER/dag_sunafil_orquestador.py', '--cfg-path', '/tmp/tmphgo0hby9']
[2026-05-24T21:02:18.021+0000] {standard_task_runner.py:88} INFO - Job 10: Subtask ejecutar_selenium_sunafil
[2026-05-24T21:02:18.743+0000] {task_command.py:423} INFO - Running <TaskInstance: orquestador_sunafil_bronze.ejecutar_selenium_sunafil manual__2026-05-24T21:02:14.924414+00:00 [running]> on host c2363d12a2e4
[2026-05-24T21:02:19.505+0000] {taskinstance.py:2480} INFO - Exporting env vars: AIRFLOW_CTX_DAG_OWNER='tu_nombre' AIRFLOW_CTX_DAG_ID='orquestador_sunafil_bronze' AIRFLOW_CTX_TASK_ID='ejecutar_selenium_sunafil' AIRFLOW_CTX_EXECUTION_DATE='2026-05-24T21:02:14.924414+00:00' AIRFLOW_CTX_TRY_NUMBER='1' AIRFLOW_CTX_DAG_RUN_ID='manual__2026-05-24T21:02:14.924414+00:00'
[2026-05-24T21:02:19.509+0000] {subprocess.py:63} INFO - Tmp dir root location: /tmp
[2026-05-24T21:02:19.511+0000] {subprocess.py:75} INFO - Running command: ['/usr/bin/bash', '-c', 'python /opt/***/scripts/scrapear_sunafil.py']
[2026-05-24T21:02:19.529+0000] {subprocess.py:86} INFO - Output:
[2026-05-24T21:02:28.997+0000] {subprocess.py:93} INFO - Traceback (most recent call last):
[2026-05-24T21:02:28.998+0000] {subprocess.py:93} INFO -   File "/opt/***/scripts/scrapear_sunafil.py", line 43, in <module>
[2026-05-24T21:02:28.999+0000] {subprocess.py:93} INFO -     driver = webdriver.Chrome(
[2026-05-24T21:02:29.000+0000] {subprocess.py:93} INFO -   File "/home/***/.local/lib/python3.8/site-packages/selenium/webdriver/chrome/webdriver.py", line 45, in __init__
[2026-05-24T21:02:29.001+0000] {subprocess.py:93} INFO -     super().__init__(
[2026-05-24T21:02:29.002+0000] {subprocess.py:93} INFO -   File "/home/***/.local/lib/python3.8/site-packages/selenium/webdriver/chromium/webdriver.py", line 55, in __init__
[2026-05-24T21:02:29.003+0000] {subprocess.py:93} INFO -     self.service.start()
[2026-05-24T21:02:29.005+0000] {subprocess.py:93} INFO -   File "/home/***/.local/lib/python3.8/site-packages/selenium/webdriver/common/service.py", line 108, in start
[2026-05-24T21:02:29.006+0000] {subprocess.py:93} INFO -     self.assert_process_still_running()
[2026-05-24T21:02:29.007+0000] {subprocess.py:93} INFO -   File "/home/***/.local/lib/python3.8/site-packages/selenium/webdriver/common/service.py", line 121, in assert_process_still_running
[2026-05-24T21:02:29.007+0000] {subprocess.py:93} INFO -     raise WebDriverException(f"Service {self._path} unexpectedly exited. Status code was: {return_code}")
[2026-05-24T21:02:29.008+0000] {subprocess.py:93} INFO - selenium.common.exceptions.WebDriverException: Message: Service /home/***/.wdm/drivers/chromedriver/linux64/149.0.7827.22/chromedriver-linux64/chromedriver unexpectedly exited. Status code was: 127
[2026-05-24T21:02:29.009+0000] {subprocess.py:93} INFO - 
[2026-05-24T21:02:29.046+0000] {subprocess.py:97} INFO - Command exited with return code 1
[2026-05-24T21:02:29.067+0000] {taskinstance.py:2698} ERROR - Task failed with exception
Traceback (most recent call last):
  File "/home/airflow/.local/lib/python3.8/site-packages/airflow/models/taskinstance.py", line 433, in _execute_task
    result = execute_callable(context=context, **execute_callable_kwargs)
  File "/home/airflow/.local/lib/python3.8/site-packages/airflow/operators/bash.py", line 212, in execute
    raise AirflowException(
airflow.exceptions.AirflowException: Bash command failed. The command returned a non-zero exit code 1.
[2026-05-24T21:02:29.082+0000] {taskinstance.py:1138} INFO - Marking task as UP_FOR_RETRY. dag_id=orquestador_sunafil_bronze, task_id=ejecutar_selenium_sunafil, execution_date=20260524T210214, start_date=20260524T210217, end_date=20260524T210229
[2026-05-24T21:02:29.148+0000] {standard_task_runner.py:107} ERROR - Failed to execute job 10 for task ejecutar_selenium_sunafil (Bash command failed. The command returned a non-zero exit code 1.; 235)
[2026-05-24T21:02:29.164+0000] {local_task_job_runner.py:234} INFO - Task exited with return code 1
[2026-05-24T21:02:29.196+0000] {taskinstance.py:3280} INFO - 0 downstream tasks scheduled from follow-on schedule check
