[2026-05-24T21:07:30.315+0000] {taskinstance.py:1956} INFO - Dependencies all met for dep_context=non-requeueable deps ti=<TaskInstance: orquestador_sunafil_bronze.ejecutar_selenium_sunafil manual__2026-05-24T21:02:14.924414+00:00 [queued]>
[2026-05-24T21:07:30.336+0000] {taskinstance.py:1956} INFO - Dependencies all met for dep_context=requeueable deps ti=<TaskInstance: orquestador_sunafil_bronze.ejecutar_selenium_sunafil manual__2026-05-24T21:02:14.924414+00:00 [queued]>
[2026-05-24T21:07:30.337+0000] {taskinstance.py:2170} INFO - Starting attempt 2 of 2
[2026-05-24T21:07:30.361+0000] {taskinstance.py:2191} INFO - Executing <Task(BashOperator): ejecutar_selenium_sunafil> on 2026-05-24 21:02:14.924414+00:00
[2026-05-24T21:07:30.368+0000] {standard_task_runner.py:60} INFO - Started process 320 to run task
[2026-05-24T21:07:30.373+0000] {standard_task_runner.py:87} INFO - Running: ['***', 'tasks', 'run', 'orquestador_sunafil_bronze', 'ejecutar_selenium_sunafil', 'manual__2026-05-24T21:02:14.924414+00:00', '--job-id', '11', '--raw', '--subdir', 'DAGS_FOLDER/dag_sunafil_orquestador.py', '--cfg-path', '/tmp/tmpootpt2u7']
[2026-05-24T21:07:30.377+0000] {standard_task_runner.py:88} INFO - Job 11: Subtask ejecutar_selenium_sunafil
[2026-05-24T21:07:30.470+0000] {task_command.py:423} INFO - Running <TaskInstance: orquestador_sunafil_bronze.ejecutar_selenium_sunafil manual__2026-05-24T21:02:14.924414+00:00 [running]> on host c2363d12a2e4
[2026-05-24T21:07:30.606+0000] {taskinstance.py:2480} INFO - Exporting env vars: AIRFLOW_CTX_DAG_OWNER='tu_nombre' AIRFLOW_CTX_DAG_ID='orquestador_sunafil_bronze' AIRFLOW_CTX_TASK_ID='ejecutar_selenium_sunafil' AIRFLOW_CTX_EXECUTION_DATE='2026-05-24T21:02:14.924414+00:00' AIRFLOW_CTX_TRY_NUMBER='2' AIRFLOW_CTX_DAG_RUN_ID='manual__2026-05-24T21:02:14.924414+00:00'
[2026-05-24T21:07:30.609+0000] {subprocess.py:63} INFO - Tmp dir root location: /tmp
[2026-05-24T21:07:30.610+0000] {subprocess.py:75} INFO - Running command: ['/usr/bin/bash', '-c', 'python /opt/***/scripts/scrapear_sunafil.py']
[2026-05-24T21:07:30.620+0000] {subprocess.py:86} INFO - Output:
[2026-05-24T21:07:36.635+0000] {subprocess.py:93} INFO - Traceback (most recent call last):
[2026-05-24T21:07:36.636+0000] {subprocess.py:93} INFO -   File "/opt/***/scripts/scrapear_sunafil.py", line 43, in <module>
[2026-05-24T21:07:36.636+0000] {subprocess.py:93} INFO -     driver = webdriver.Chrome(
[2026-05-24T21:07:36.637+0000] {subprocess.py:93} INFO -   File "/home/***/.local/lib/python3.8/site-packages/selenium/webdriver/chrome/webdriver.py", line 45, in __init__
[2026-05-24T21:07:36.637+0000] {subprocess.py:93} INFO -     super().__init__(
[2026-05-24T21:07:36.638+0000] {subprocess.py:93} INFO -   File "/home/***/.local/lib/python3.8/site-packages/selenium/webdriver/chromium/webdriver.py", line 55, in __init__
[2026-05-24T21:07:36.638+0000] {subprocess.py:93} INFO -     self.service.start()
[2026-05-24T21:07:36.639+0000] {subprocess.py:93} INFO -   File "/home/***/.local/lib/python3.8/site-packages/selenium/webdriver/common/service.py", line 108, in start
[2026-05-24T21:07:36.639+0000] {subprocess.py:93} INFO -     self.assert_process_still_running()
[2026-05-24T21:07:36.640+0000] {subprocess.py:93} INFO -   File "/home/***/.local/lib/python3.8/site-packages/selenium/webdriver/common/service.py", line 121, in assert_process_still_running
[2026-05-24T21:07:36.640+0000] {subprocess.py:93} INFO -     raise WebDriverException(f"Service {self._path} unexpectedly exited. Status code was: {return_code}")
[2026-05-24T21:07:36.641+0000] {subprocess.py:93} INFO - selenium.common.exceptions.WebDriverException: Message: Service /home/***/.wdm/drivers/chromedriver/linux64/149.0.7827.22/chromedriver-linux64/chromedriver unexpectedly exited. Status code was: 127
[2026-05-24T21:07:36.641+0000] {subprocess.py:93} INFO - 
[2026-05-24T21:07:36.680+0000] {subprocess.py:97} INFO - Command exited with return code 1
[2026-05-24T21:07:36.701+0000] {taskinstance.py:2698} ERROR - Task failed with exception
Traceback (most recent call last):
  File "/home/airflow/.local/lib/python3.8/site-packages/airflow/models/taskinstance.py", line 433, in _execute_task
    result = execute_callable(context=context, **execute_callable_kwargs)
  File "/home/airflow/.local/lib/python3.8/site-packages/airflow/operators/bash.py", line 212, in execute
    raise AirflowException(
airflow.exceptions.AirflowException: Bash command failed. The command returned a non-zero exit code 1.
[2026-05-24T21:07:36.705+0000] {taskinstance.py:1138} INFO - Marking task as FAILED. dag_id=orquestador_sunafil_bronze, task_id=ejecutar_selenium_sunafil, execution_date=20260524T210214, start_date=20260524T210730, end_date=20260524T210736
[2026-05-24T21:07:36.727+0000] {standard_task_runner.py:107} ERROR - Failed to execute job 11 for task ejecutar_selenium_sunafil (Bash command failed. The command returned a non-zero exit code 1.; 320)
[2026-05-24T21:07:36.772+0000] {local_task_job_runner.py:234} INFO - Task exited with return code 1
[2026-05-24T21:07:36.871+0000] {taskinstance.py:3280} INFO - 0 downstream tasks scheduled from follow-on schedule check
