[2026-05-24T20:47:36.839+0000] {taskinstance.py:1956} INFO - Dependencies all met for dep_context=non-requeueable deps ti=<TaskInstance: orquestador_sunafil_bronze.ejecutar_selenium_sunafil manual__2026-05-24T20:42:21.302375+00:00 [queued]>
[2026-05-24T20:47:36.850+0000] {taskinstance.py:1956} INFO - Dependencies all met for dep_context=requeueable deps ti=<TaskInstance: orquestador_sunafil_bronze.ejecutar_selenium_sunafil manual__2026-05-24T20:42:21.302375+00:00 [queued]>
[2026-05-24T20:47:36.851+0000] {taskinstance.py:2170} INFO - Starting attempt 2 of 2
[2026-05-24T20:47:36.870+0000] {taskinstance.py:2191} INFO - Executing <Task(BashOperator): ejecutar_selenium_sunafil> on 2026-05-24 20:42:21.302375+00:00
[2026-05-24T20:47:36.878+0000] {standard_task_runner.py:60} INFO - Started process 360 to run task
[2026-05-24T20:47:36.881+0000] {standard_task_runner.py:87} INFO - Running: ['***', 'tasks', 'run', 'orquestador_sunafil_bronze', 'ejecutar_selenium_sunafil', 'manual__2026-05-24T20:42:21.302375+00:00', '--job-id', '8', '--raw', '--subdir', 'DAGS_FOLDER/dag_sunafil_orquestador.py', '--cfg-path', '/tmp/tmpbo1zndqn']
[2026-05-24T20:47:36.884+0000] {standard_task_runner.py:88} INFO - Job 8: Subtask ejecutar_selenium_sunafil
[2026-05-24T20:47:37.520+0000] {task_command.py:423} INFO - Running <TaskInstance: orquestador_sunafil_bronze.ejecutar_selenium_sunafil manual__2026-05-24T20:42:21.302375+00:00 [running]> on host 67112702ed71
[2026-05-24T20:47:39.758+0000] {taskinstance.py:2480} INFO - Exporting env vars: AIRFLOW_CTX_DAG_OWNER='tu_nombre' AIRFLOW_CTX_DAG_ID='orquestador_sunafil_bronze' AIRFLOW_CTX_TASK_ID='ejecutar_selenium_sunafil' AIRFLOW_CTX_EXECUTION_DATE='2026-05-24T20:42:21.302375+00:00' AIRFLOW_CTX_TRY_NUMBER='2' AIRFLOW_CTX_DAG_RUN_ID='manual__2026-05-24T20:42:21.302375+00:00'
[2026-05-24T20:47:39.761+0000] {subprocess.py:63} INFO - Tmp dir root location: /tmp
[2026-05-24T20:47:39.763+0000] {subprocess.py:75} INFO - Running command: ['/usr/bin/bash', '-c', 'python /opt/***/scripts/scrapear_sunafil.py']
[2026-05-24T20:47:39.791+0000] {subprocess.py:86} INFO - Output:
[2026-05-24T20:47:40.388+0000] {subprocess.py:93} INFO - Traceback (most recent call last):
[2026-05-24T20:47:40.389+0000] {subprocess.py:93} INFO -   File "/opt/***/scripts/scrapear_sunafil.py", line 4, in <module>
[2026-05-24T20:47:40.390+0000] {subprocess.py:93} INFO -     from selenium import webdriver
[2026-05-24T20:47:40.391+0000] {subprocess.py:93} INFO - ModuleNotFoundError: No module named 'selenium'
[2026-05-24T20:47:40.392+0000] {subprocess.py:97} INFO - Command exited with return code 1
[2026-05-24T20:47:40.608+0000] {taskinstance.py:2698} ERROR - Task failed with exception
Traceback (most recent call last):
  File "/home/airflow/.local/lib/python3.8/site-packages/airflow/models/taskinstance.py", line 433, in _execute_task
    result = execute_callable(context=context, **execute_callable_kwargs)
  File "/home/airflow/.local/lib/python3.8/site-packages/airflow/operators/bash.py", line 212, in execute
    raise AirflowException(
airflow.exceptions.AirflowException: Bash command failed. The command returned a non-zero exit code 1.
[2026-05-24T20:47:40.632+0000] {taskinstance.py:1138} INFO - Marking task as FAILED. dag_id=orquestador_sunafil_bronze, task_id=ejecutar_selenium_sunafil, execution_date=20260524T204221, start_date=20260524T204736, end_date=20260524T204740
[2026-05-24T20:47:40.706+0000] {standard_task_runner.py:107} ERROR - Failed to execute job 8 for task ejecutar_selenium_sunafil (Bash command failed. The command returned a non-zero exit code 1.; 360)
[2026-05-24T20:47:40.714+0000] {local_task_job_runner.py:234} INFO - Task exited with return code 1
[2026-05-24T20:47:40.777+0000] {taskinstance.py:3280} INFO - 0 downstream tasks scheduled from follow-on schedule check
