[2026-05-24T20:42:30.876+0000] {taskinstance.py:1956} INFO - Dependencies all met for dep_context=non-requeueable deps ti=<TaskInstance: orquestador_sunafil_bronze.ejecutar_selenium_sunafil manual__2026-05-24T20:42:21.302375+00:00 [queued]>
[2026-05-24T20:42:30.889+0000] {taskinstance.py:1956} INFO - Dependencies all met for dep_context=requeueable deps ti=<TaskInstance: orquestador_sunafil_bronze.ejecutar_selenium_sunafil manual__2026-05-24T20:42:21.302375+00:00 [queued]>
[2026-05-24T20:42:30.890+0000] {taskinstance.py:2170} INFO - Starting attempt 1 of 2
[2026-05-24T20:42:31.006+0000] {taskinstance.py:2191} INFO - Executing <Task(BashOperator): ejecutar_selenium_sunafil> on 2026-05-24 20:42:21.302375+00:00
[2026-05-24T20:42:31.015+0000] {standard_task_runner.py:60} INFO - Started process 307 to run task
[2026-05-24T20:42:31.093+0000] {standard_task_runner.py:87} INFO - Running: ['***', 'tasks', 'run', 'orquestador_sunafil_bronze', 'ejecutar_selenium_sunafil', 'manual__2026-05-24T20:42:21.302375+00:00', '--job-id', '7', '--raw', '--subdir', 'DAGS_FOLDER/dag_sunafil_orquestador.py', '--cfg-path', '/tmp/tmpnm47au06']
[2026-05-24T20:42:31.154+0000] {standard_task_runner.py:88} INFO - Job 7: Subtask ejecutar_selenium_sunafil
[2026-05-24T20:42:34.523+0000] {task_command.py:423} INFO - Running <TaskInstance: orquestador_sunafil_bronze.ejecutar_selenium_sunafil manual__2026-05-24T20:42:21.302375+00:00 [running]> on host 67112702ed71
[2026-05-24T20:42:35.002+0000] {taskinstance.py:2480} INFO - Exporting env vars: AIRFLOW_CTX_DAG_OWNER='tu_nombre' AIRFLOW_CTX_DAG_ID='orquestador_sunafil_bronze' AIRFLOW_CTX_TASK_ID='ejecutar_selenium_sunafil' AIRFLOW_CTX_EXECUTION_DATE='2026-05-24T20:42:21.302375+00:00' AIRFLOW_CTX_TRY_NUMBER='1' AIRFLOW_CTX_DAG_RUN_ID='manual__2026-05-24T20:42:21.302375+00:00'
[2026-05-24T20:42:35.035+0000] {subprocess.py:63} INFO - Tmp dir root location: /tmp
[2026-05-24T20:42:35.048+0000] {subprocess.py:75} INFO - Running command: ['/usr/bin/bash', '-c', 'python /opt/***/scripts/scrapear_sunafil.py']
[2026-05-24T20:42:35.082+0000] {subprocess.py:86} INFO - Output:
[2026-05-24T20:42:35.688+0000] {subprocess.py:93} INFO - Traceback (most recent call last):
[2026-05-24T20:42:35.689+0000] {subprocess.py:93} INFO -   File "/opt/***/scripts/scrapear_sunafil.py", line 4, in <module>
[2026-05-24T20:42:35.689+0000] {subprocess.py:93} INFO -     from selenium import webdriver
[2026-05-24T20:42:35.690+0000] {subprocess.py:93} INFO - ModuleNotFoundError: No module named 'selenium'
[2026-05-24T20:42:35.710+0000] {subprocess.py:97} INFO - Command exited with return code 1
[2026-05-24T20:42:35.730+0000] {taskinstance.py:2698} ERROR - Task failed with exception
Traceback (most recent call last):
  File "/home/airflow/.local/lib/python3.8/site-packages/airflow/models/taskinstance.py", line 433, in _execute_task
    result = execute_callable(context=context, **execute_callable_kwargs)
  File "/home/airflow/.local/lib/python3.8/site-packages/airflow/operators/bash.py", line 212, in execute
    raise AirflowException(
airflow.exceptions.AirflowException: Bash command failed. The command returned a non-zero exit code 1.
[2026-05-24T20:42:35.736+0000] {taskinstance.py:1138} INFO - Marking task as UP_FOR_RETRY. dag_id=orquestador_sunafil_bronze, task_id=ejecutar_selenium_sunafil, execution_date=20260524T204221, start_date=20260524T204230, end_date=20260524T204235
[2026-05-24T20:42:35.931+0000] {standard_task_runner.py:107} ERROR - Failed to execute job 7 for task ejecutar_selenium_sunafil (Bash command failed. The command returned a non-zero exit code 1.; 307)
[2026-05-24T20:42:35.950+0000] {local_task_job_runner.py:234} INFO - Task exited with return code 1
[2026-05-24T20:42:35.983+0000] {taskinstance.py:3280} INFO - 0 downstream tasks scheduled from follow-on schedule check
