[2026-05-24T21:24:25.659+0000] {taskinstance.py:1956} INFO - Dependencies all met for dep_context=non-requeueable deps ti=<TaskInstance: orquestador_sunafil_bronze.ejecutar_selenium_sunafil manual__2026-05-24T21:23:38.111293+00:00 [queued]>
[2026-05-24T21:24:26.241+0000] {taskinstance.py:1956} INFO - Dependencies all met for dep_context=requeueable deps ti=<TaskInstance: orquestador_sunafil_bronze.ejecutar_selenium_sunafil manual__2026-05-24T21:23:38.111293+00:00 [queued]>
[2026-05-24T21:24:26.602+0000] {taskinstance.py:2170} INFO - Starting attempt 1 of 2
[2026-05-24T21:24:30.638+0000] {taskinstance.py:2191} INFO - Executing <Task(BashOperator): ejecutar_selenium_sunafil> on 2026-05-24 21:23:38.111293+00:00
[2026-05-24T21:24:30.770+0000] {standard_task_runner.py:60} INFO - Started process 235 to run task
[2026-05-24T21:24:30.774+0000] {standard_task_runner.py:87} INFO - Running: ['***', 'tasks', 'run', 'orquestador_sunafil_bronze', 'ejecutar_selenium_sunafil', 'manual__2026-05-24T21:23:38.111293+00:00', '--job-id', '14', '--raw', '--subdir', 'DAGS_FOLDER/dag_sunafil_orquestador.py', '--cfg-path', '/tmp/tmpcc1tbg85']
[2026-05-24T21:24:30.777+0000] {standard_task_runner.py:88} INFO - Job 14: Subtask ejecutar_selenium_sunafil
[2026-05-24T21:24:33.370+0000] {task_command.py:423} INFO - Running <TaskInstance: orquestador_sunafil_bronze.ejecutar_selenium_sunafil manual__2026-05-24T21:23:38.111293+00:00 [running]> on host 425816ceffce
[2026-05-24T21:24:40.920+0000] {taskinstance.py:2480} INFO - Exporting env vars: AIRFLOW_CTX_DAG_OWNER='tu_nombre' AIRFLOW_CTX_DAG_ID='orquestador_sunafil_bronze' AIRFLOW_CTX_TASK_ID='ejecutar_selenium_sunafil' AIRFLOW_CTX_EXECUTION_DATE='2026-05-24T21:23:38.111293+00:00' AIRFLOW_CTX_TRY_NUMBER='1' AIRFLOW_CTX_DAG_RUN_ID='manual__2026-05-24T21:23:38.111293+00:00'
[2026-05-24T21:24:40.925+0000] {subprocess.py:63} INFO - Tmp dir root location: /tmp
[2026-05-24T21:24:40.929+0000] {subprocess.py:75} INFO - Running command: ['/usr/bin/bash', '-c', 'python /opt/***/scripts/scrapear_sunafil.py']
[2026-05-24T21:24:41.639+0000] {subprocess.py:86} INFO - Output:
[2026-05-24T21:27:25.942+0000] {subprocess.py:93} INFO - 🌐 Conectando al contenedor remoto de Chrome...
[2026-05-24T21:27:25.947+0000] {subprocess.py:93} INFO - Traceback (most recent call last):
[2026-05-24T21:27:25.949+0000] {subprocess.py:93} INFO -   File "/opt/***/scripts/scrapear_sunafil.py", line 45, in <module>
[2026-05-24T21:27:25.950+0000] {subprocess.py:93} INFO -     driver = webdriver.Remote(
[2026-05-24T21:27:25.951+0000] {subprocess.py:93} INFO -   File "/home/***/.local/lib/python3.8/site-packages/selenium/webdriver/remote/webdriver.py", line 241, in __init__
[2026-05-24T21:27:25.952+0000] {subprocess.py:93} INFO -     self.start_session(capabilities)
[2026-05-24T21:27:25.954+0000] {subprocess.py:93} INFO -   File "/home/***/.local/lib/python3.8/site-packages/selenium/webdriver/remote/webdriver.py", line 329, in start_session
[2026-05-24T21:27:25.955+0000] {subprocess.py:93} INFO -     response = self.execute(Command.NEW_SESSION, caps)["value"]
[2026-05-24T21:27:25.957+0000] {subprocess.py:93} INFO -   File "/home/***/.local/lib/python3.8/site-packages/selenium/webdriver/remote/webdriver.py", line 384, in execute
[2026-05-24T21:27:25.958+0000] {subprocess.py:93} INFO -     self.error_handler.check_response(response)
[2026-05-24T21:27:25.959+0000] {subprocess.py:93} INFO -   File "/home/***/.local/lib/python3.8/site-packages/selenium/webdriver/remote/errorhandler.py", line 232, in check_response
[2026-05-24T21:27:25.960+0000] {subprocess.py:93} INFO -     raise exception_class(message, screen, stacktrace)
[2026-05-24T21:27:25.962+0000] {subprocess.py:93} INFO - selenium.common.exceptions.SessionNotCreatedException: Message: Could not start a new session. Error while creating session with the driver service. Stopping driver service: Could not start a new session. Response code 500. Message: session not created: DevToolsActivePort file doesn't exist
[2026-05-24T21:27:25.986+0000] {subprocess.py:93} INFO - Host info: host: '0b8a796b8e5a', ip: '172.18.0.2'
[2026-05-24T21:27:25.987+0000] {subprocess.py:93} INFO - Build info: version: '4.44.0', revision: 'da2039bd14*'
[2026-05-24T21:27:25.988+0000] {subprocess.py:93} INFO - System info: os.name: 'Linux', os.arch: 'amd64', os.version: '6.6.87.2-microsoft-standard-WSL2', java.version: '21.0.10'
[2026-05-24T21:27:25.988+0000] {subprocess.py:93} INFO - Driver info: driver.version: unknown
[2026-05-24T21:27:25.989+0000] {subprocess.py:93} INFO - Build info: version: '4.44.0', revision: 'da2039bd14*'
[2026-05-24T21:27:25.989+0000] {subprocess.py:93} INFO - System info: os.name: 'Linux', os.arch: 'amd64', os.version: '6.6.87.2-microsoft-standard-WSL2', java.version: '21.0.10'
[2026-05-24T21:27:25.990+0000] {subprocess.py:93} INFO - Driver info: driver.version: unknown
[2026-05-24T21:27:25.990+0000] {subprocess.py:93} INFO - Stacktrace:
[2026-05-24T21:27:25.990+0000] {subprocess.py:93} INFO -     at org.openqa.selenium.grid.node.config.DriverServiceSessionFactory.apply (DriverServiceSessionFactory.java:225)
[2026-05-24T21:27:25.991+0000] {subprocess.py:93} INFO -     at org.openqa.selenium.grid.node.config.DriverServiceSessionFactory.apply (DriverServiceSessionFactory.java:71)
[2026-05-24T21:27:25.991+0000] {subprocess.py:93} INFO -     at org.openqa.selenium.grid.node.local.SessionSlot.apply (SessionSlot.java:203)
[2026-05-24T21:27:25.991+0000] {subprocess.py:93} INFO -     at org.openqa.selenium.grid.node.local.LocalNode.newSession (LocalNode.java:622)
[2026-05-24T21:27:25.992+0000] {subprocess.py:93} INFO -     at org.openqa.selenium.grid.distributor.local.LocalDistributor.startSession (LocalDistributor.java:435)
[2026-05-24T21:27:25.992+0000] {subprocess.py:93} INFO -     at org.openqa.selenium.grid.distributor.local.LocalDistributor.newSession (LocalDistributor.java:354)
[2026-05-24T21:27:25.993+0000] {subprocess.py:93} INFO -     at org.openqa.selenium.grid.distributor.local.LocalDistributor$NewSessionRunnable.handleNewSessionRequest (LocalDistributor.java:631)
[2026-05-24T21:27:25.993+0000] {subprocess.py:93} INFO -     at org.openqa.selenium.grid.distributor.local.LocalDistributor$NewSessionRunnable.lambda$run$2 (LocalDistributor.java:574)
[2026-05-24T21:27:25.994+0000] {subprocess.py:93} INFO -     at java.util.concurrent.ThreadPoolExecutor.runWorker (ThreadPoolExecutor.java:1144)
[2026-05-24T21:27:25.994+0000] {subprocess.py:93} INFO -     at java.util.concurrent.ThreadPoolExecutor$Worker.run (ThreadPoolExecutor.java:642)
[2026-05-24T21:27:25.994+0000] {subprocess.py:93} INFO -     at java.lang.Thread.run (Thread.java:1583)
[2026-05-24T21:27:25.995+0000] {subprocess.py:97} INFO - Command exited with return code 1
[2026-05-24T21:27:26.016+0000] {taskinstance.py:2698} ERROR - Task failed with exception
Traceback (most recent call last):
  File "/home/airflow/.local/lib/python3.8/site-packages/airflow/models/taskinstance.py", line 433, in _execute_task
    result = execute_callable(context=context, **execute_callable_kwargs)
  File "/home/airflow/.local/lib/python3.8/site-packages/airflow/operators/bash.py", line 212, in execute
    raise AirflowException(
airflow.exceptions.AirflowException: Bash command failed. The command returned a non-zero exit code 1.
[2026-05-24T21:27:26.024+0000] {taskinstance.py:1138} INFO - Marking task as UP_FOR_RETRY. dag_id=orquestador_sunafil_bronze, task_id=ejecutar_selenium_sunafil, execution_date=20260524T212338, start_date=20260524T212425, end_date=20260524T212726
[2026-05-24T21:27:26.076+0000] {standard_task_runner.py:107} ERROR - Failed to execute job 14 for task ejecutar_selenium_sunafil (Bash command failed. The command returned a non-zero exit code 1.; 235)
[2026-05-24T21:27:26.098+0000] {local_task_job_runner.py:234} INFO - Task exited with return code 1
[2026-05-24T21:27:26.135+0000] {taskinstance.py:3280} INFO - 0 downstream tasks scheduled from follow-on schedule check
